<div>
  <h3
    className="sc-bdVaJa kxvujY"
  >
    some title
  </h3>
  ;
  <p
    className="sc-bwzfXH LQIkU"
  >
    some text
  </p>
  ;
</div>